// Jest Snapshot v1, https://goo.gl/fbAQLP

exports[`renders the Metrics component snapshot 1`] = `
<DocumentFragment>
  <div
    class="searchBox"
  >
    <input
      class="displays inputCmp"
      placeholder="search here"
      type="text"
    />
  </div>
  <h2
    class="header"
  >
    Pieces
  </h2>
  <div
    class="searchPieces"
  >
    <div
      class="pieces"
    />
  </div>
</DocumentFragment>
`;
