// Jest Snapshot v1, https://goo.gl/fbAQLP

exports[`renders the Navbar component snapshot 1`] = `
<DocumentFragment>
  <div
    class="consDisplay"
  >
    <button
      type="button"
    >
      back key
    </button>
    <h2>
      Components
    </h2>
    <p>
      mic
    </p>
    <p>
      settings
    </p>
  </div>
  ,
</DocumentFragment>
`;
